main.c:53:5:main	8	static
main.c:74:6:idle_task	4	static
main.c:80:6:task1_handler	8	static
main.c:94:6:task2_handler	8	static
main.c:108:6:task3_handler	8	static
main.c:121:6:task4_handler	8	static
main.c:136:6:init_systick_timer	32	static
main.c:160:29:init_scheduler_stack	0	static,ignoring_inline_asm
main.c:171:6:init_tasks_stack	24	static
main.c:222:6:enable_processor_faults	16	static
main.c:232:10:get_psp_value	4	static
main.c:239:6:save_psp_value	16	static
main.c:245:6:update_next_task	16	static
main.c:265:29:switch_sp_to_psp	0	static,ignoring_inline_asm
main.c:282:6:schedule	16	static
main.c:293:6:task_delay	16	static,ignoring_inline_asm
main.c:310:29:PendSV_Handler	0	static,ignoring_inline_asm
main.c:350:6:update_global_tick_count	4	static
main.c:355:6:unblock_tasks	16	static
main.c:372:7:SysTick_Handler	16	static
main.c:386:6:HardFault_Handler	8	static
main.c:393:6:MemManage_Handler	8	static
main.c:399:6:BusFault_Handler	8	static
